// Jest Snapshot v1, https://goo.gl/fbAQLP

exports[`should test the 'alignSelf' plugin 1`] = `
"
.self-auto {
  align-self: auto;
}

.self-start {
  align-self: flex-start;
}

.self-end {
  align-self: flex-end;
}

.self-center {
  align-self: center;
}

.self-stretch {
  align-self: stretch;
}

.self-baseline {
  align-self: baseline;
}
"
`;
