// Jest Snapshot v1, https://goo.gl/fbAQLP

exports[`should test the 'alignItems' plugin 1`] = `
"
.items-start {
  align-items: flex-start;
}

.items-end {
  align-items: flex-end;
}

.items-center {
  align-items: center;
}

.items-baseline {
  align-items: baseline;
}

.items-stretch {
  align-items: stretch;
}
"
`;
