// Jest Snapshot v1, https://goo.gl/fbAQLP

exports[`should test the 'backgroundOpacity' plugin 1`] = `
"
.bg-opacity-0 {
  --tw-bg-opacity: 0;
}

.bg-opacity-10 {
  --tw-bg-opacity: .1;
}

.bg-opacity-100 {
  --tw-bg-opacity: 1;
}

.bg-opacity-15 {
  --tw-bg-opacity: .15;
}

.bg-opacity-20 {
  --tw-bg-opacity: .2;
}

.bg-opacity-25 {
  --tw-bg-opacity: .25;
}

.bg-opacity-30 {
  --tw-bg-opacity: .3;
}

.bg-opacity-35 {
  --tw-bg-opacity: .35;
}

.bg-opacity-40 {
  --tw-bg-opacity: .4;
}

.bg-opacity-45 {
  --tw-bg-opacity: .45;
}

.bg-opacity-5 {
  --tw-bg-opacity: .05;
}

.bg-opacity-50 {
  --tw-bg-opacity: .5;
}

.bg-opacity-55 {
  --tw-bg-opacity: .55;
}

.bg-opacity-60 {
  --tw-bg-opacity: .6;
}

.bg-opacity-65 {
  --tw-bg-opacity: .65;
}

.bg-opacity-70 {
  --tw-bg-opacity: .7;
}

.bg-opacity-75 {
  --tw-bg-opacity: .75;
}

.bg-opacity-80 {
  --tw-bg-opacity: .8;
}

.bg-opacity-85 {
  --tw-bg-opacity: .85;
}

.bg-opacity-90 {
  --tw-bg-opacity: .9;
}

.bg-opacity-95 {
  --tw-bg-opacity: .95;
}

.bg-opacity-\\[0\\.12\\] {
  --tw-bg-opacity: .12;
}

.bg-opacity-\\[var\\(--my-value\\)\\] {
  --tw-bg-opacity: var(--my-value);
}
"
`;
