// Jest Snapshot v1, https://goo.gl/fbAQLP

exports[`should test the 'borderStyle' plugin 1`] = `
"
.border-solid {
  border-style: solid;
}

.border-dashed {
  border-style: dashed;
}

.border-dotted {
  border-style: dotted;
}

.border-double {
  border-style: double;
}

.border-hidden {
  border-style: hidden;
}

.border-none {
  border-style: none;
}
"
`;
