// Jest Snapshot v1, https://goo.gl/fbAQLP

exports[`should test the 'boxDecorationBreak' plugin 1`] = `
"
.decoration-slice {
  -webkit-box-decoration-break: slice;
  box-decoration-break: slice;
}

.decoration-clone {
  -webkit-box-decoration-break: clone;
  box-decoration-break: clone;
}

.box-decoration-slice {
  -webkit-box-decoration-break: slice;
  box-decoration-break: slice;
}

.box-decoration-clone {
  -webkit-box-decoration-break: clone;
  box-decoration-break: clone;
}
"
`;
