// Jest Snapshot v1, https://goo.gl/fbAQLP

exports[`should test the 'clear' plugin 1`] = `
"
.clear-start {
  clear: inline-start;
}

.clear-end {
  clear: inline-end;
}

.clear-left {
  clear: left;
}

.clear-right {
  clear: right;
}

.clear-both {
  clear: both;
}

.clear-none {
  clear: none;
}
"
`;
