// Jest Snapshot v1, https://goo.gl/fbAQLP

exports[`should test the 'contain' plugin 1`] = `
"
*, :before, :after {
  --tw-contain-size: ;
  --tw-contain-layout: ;
  --tw-contain-paint: ;
  --tw-contain-style: ;
}

::backdrop {
  --tw-contain-size: ;
  --tw-contain-layout: ;
  --tw-contain-paint: ;
  --tw-contain-style: ;
}

.contain-none {
  contain: none;
}

.contain-content {
  contain: content;
}

.contain-strict {
  contain: strict;
}

.contain-size {
  --tw-contain-size: size;
  contain: var(--tw-contain-size) var(--tw-contain-layout) var(--tw-contain-paint) var(--tw-contain-style);
}

.contain-inline-size {
  --tw-contain-size: inline-size;
  contain: var(--tw-contain-size) var(--tw-contain-layout) var(--tw-contain-paint) var(--tw-contain-style);
}

.contain-layout {
  --tw-contain-layout: layout;
  contain: var(--tw-contain-size) var(--tw-contain-layout) var(--tw-contain-paint) var(--tw-contain-style);
}

.contain-paint {
  --tw-contain-paint: paint;
  contain: var(--tw-contain-size) var(--tw-contain-layout) var(--tw-contain-paint) var(--tw-contain-style);
}

.contain-style {
  --tw-contain-style: style;
  contain: var(--tw-contain-size) var(--tw-contain-layout) var(--tw-contain-paint) var(--tw-contain-style);
}
"
`;
