// Jest Snapshot v1, https://goo.gl/fbAQLP

exports[`should test the 'fill' plugin 1`] = `
"
.fill-\\[\\#0088cc\\] {
  fill: #08c;
}

.fill-\\[var\\(--my-value\\)\\] {
  fill: var(--my-value);
}

.fill-black {
  fill: #000;
}

.fill-black\\/0 {
  fill: #0000;
}

.fill-black\\/50 {
  fill: #00000080;
}

.fill-none {
  fill: none;
}

.fill-red-100 {
  fill: red;
}

.fill-red-100\\/0 {
  fill: #f000;
}

.fill-red-100\\/50 {
  fill: #ff000080;
}

.fill-red-200 {
  fill: red;
}

.fill-red-200\\/0 {
  fill: #f000;
}

.fill-red-200\\/50 {
  fill: #ff000080;
}

.fill-transparent, .fill-transparent\\/0 {
  fill: #0000;
}

.fill-transparent\\/50 {
  fill: #00000080;
}
"
`;
