// Jest Snapshot v1, https://goo.gl/fbAQLP

exports[`should test the 'flexBasis' plugin 1`] = `
"
.basis-0 {
  flex-basis: 0;
}

.basis-0\\.5 {
  flex-basis: .125rem;
}

.basis-1 {
  flex-basis: .25rem;
}

.basis-1\\.5 {
  flex-basis: .375rem;
}

.basis-1\\/12 {
  flex-basis: 8.33333%;
}

.basis-1\\/2 {
  flex-basis: 50%;
}

.basis-1\\/3 {
  flex-basis: 33.3333%;
}

.basis-1\\/4 {
  flex-basis: 25%;
}

.basis-1\\/5 {
  flex-basis: 20%;
}

.basis-1\\/6 {
  flex-basis: 16.6667%;
}

.basis-10 {
  flex-basis: 2.5rem;
}

.basis-10\\/12 {
  flex-basis: 83.3333%;
}

.basis-11 {
  flex-basis: 2.75rem;
}

.basis-11\\/12 {
  flex-basis: 91.6667%;
}

.basis-12 {
  flex-basis: 3rem;
}

.basis-14 {
  flex-basis: 3.5rem;
}

.basis-16 {
  flex-basis: 4rem;
}

.basis-2 {
  flex-basis: .5rem;
}

.basis-2\\.5 {
  flex-basis: .625rem;
}

.basis-2\\/12 {
  flex-basis: 16.6667%;
}

.basis-2\\/3 {
  flex-basis: 66.6667%;
}

.basis-2\\/4 {
  flex-basis: 50%;
}

.basis-2\\/5 {
  flex-basis: 40%;
}

.basis-2\\/6 {
  flex-basis: 33.3333%;
}

.basis-20 {
  flex-basis: 5rem;
}

.basis-24 {
  flex-basis: 6rem;
}

.basis-28 {
  flex-basis: 7rem;
}

.basis-3 {
  flex-basis: .75rem;
}

.basis-3\\.5 {
  flex-basis: .875rem;
}

.basis-3\\/12 {
  flex-basis: 25%;
}

.basis-3\\/4 {
  flex-basis: 75%;
}

.basis-3\\/5 {
  flex-basis: 60%;
}

.basis-3\\/6 {
  flex-basis: 50%;
}

.basis-32 {
  flex-basis: 8rem;
}

.basis-36 {
  flex-basis: 9rem;
}

.basis-4 {
  flex-basis: 1rem;
}

.basis-4\\/12 {
  flex-basis: 33.3333%;
}

.basis-4\\/5 {
  flex-basis: 80%;
}

.basis-4\\/6 {
  flex-basis: 66.6667%;
}

.basis-40 {
  flex-basis: 10rem;
}

.basis-44 {
  flex-basis: 11rem;
}

.basis-48 {
  flex-basis: 12rem;
}

.basis-5 {
  flex-basis: 1.25rem;
}

.basis-5\\/12 {
  flex-basis: 41.6667%;
}

.basis-5\\/6 {
  flex-basis: 83.3333%;
}

.basis-52 {
  flex-basis: 13rem;
}

.basis-56 {
  flex-basis: 14rem;
}

.basis-6 {
  flex-basis: 1.5rem;
}

.basis-6\\/12 {
  flex-basis: 50%;
}

.basis-60 {
  flex-basis: 15rem;
}

.basis-64 {
  flex-basis: 16rem;
}

.basis-7 {
  flex-basis: 1.75rem;
}

.basis-7\\/12 {
  flex-basis: 58.3333%;
}

.basis-72 {
  flex-basis: 18rem;
}

.basis-8 {
  flex-basis: 2rem;
}

.basis-8\\/12 {
  flex-basis: 66.6667%;
}

.basis-80 {
  flex-basis: 20rem;
}

.basis-9 {
  flex-basis: 2.25rem;
}

.basis-9\\/12 {
  flex-basis: 75%;
}

.basis-96 {
  flex-basis: 24rem;
}

.basis-\\[12px\\] {
  flex-basis: 12px;
}

.basis-\\[var\\(--my-value\\)\\] {
  flex-basis: var(--my-value);
}

.basis-auto {
  flex-basis: auto;
}

.basis-full {
  flex-basis: 100%;
}

.basis-px {
  flex-basis: 1px;
}
"
`;
