// Jest Snapshot v1, https://goo.gl/fbAQLP

exports[`should test the 'fontSize' plugin 1`] = `
"
.text-2xl {
  font-size: 1.5rem;
  line-height: 2rem;
}

.text-3xl {
  font-size: 1.875rem;
  line-height: 2.25rem;
}

.text-4xl {
  font-size: 2.25rem;
  line-height: 2.5rem;
}

.text-5xl {
  font-size: 3rem;
  line-height: 1;
}

.text-6xl {
  font-size: 3.75rem;
  line-height: 1;
}

.text-7xl {
  font-size: 4.5rem;
  line-height: 1;
}

.text-8xl {
  font-size: 6rem;
  line-height: 1;
}

.text-9xl {
  font-size: 8rem;
  line-height: 1;
}

.text-base {
  font-size: 1rem;
  line-height: 1.5rem;
}

.text-lg {
  font-size: 1.125rem;
  line-height: 1.75rem;
}

.text-sm {
  font-size: .875rem;
  line-height: 1.25rem;
}

.text-xl {
  font-size: 1.25rem;
  line-height: 1.75rem;
}

.text-xs {
  font-size: .75rem;
  line-height: 1rem;
}
"
`;
