// Jest Snapshot v1, https://goo.gl/fbAQLP

exports[`should test the 'fontVariantNumeric' plugin 1`] = `
"
*, :before, :after {
  --tw-ordinal: ;
  --tw-slashed-zero: ;
  --tw-numeric-figure: ;
  --tw-numeric-spacing: ;
  --tw-numeric-fraction: ;
}

::backdrop {
  --tw-ordinal: ;
  --tw-slashed-zero: ;
  --tw-numeric-figure: ;
  --tw-numeric-spacing: ;
  --tw-numeric-fraction: ;
}

.normal-nums {
  font-variant-numeric: normal;
}

.ordinal {
  --tw-ordinal: ordinal;
  font-variant-numeric: var(--tw-ordinal) var(--tw-slashed-zero) var(--tw-numeric-figure) var(--tw-numeric-spacing) var(--tw-numeric-fraction);
}

.slashed-zero {
  --tw-slashed-zero: slashed-zero;
  font-variant-numeric: var(--tw-ordinal) var(--tw-slashed-zero) var(--tw-numeric-figure) var(--tw-numeric-spacing) var(--tw-numeric-fraction);
}

.lining-nums {
  --tw-numeric-figure: lining-nums;
  font-variant-numeric: var(--tw-ordinal) var(--tw-slashed-zero) var(--tw-numeric-figure) var(--tw-numeric-spacing) var(--tw-numeric-fraction);
}

.oldstyle-nums {
  --tw-numeric-figure: oldstyle-nums;
  font-variant-numeric: var(--tw-ordinal) var(--tw-slashed-zero) var(--tw-numeric-figure) var(--tw-numeric-spacing) var(--tw-numeric-fraction);
}

.proportional-nums {
  --tw-numeric-spacing: proportional-nums;
  font-variant-numeric: var(--tw-ordinal) var(--tw-slashed-zero) var(--tw-numeric-figure) var(--tw-numeric-spacing) var(--tw-numeric-fraction);
}

.tabular-nums {
  --tw-numeric-spacing: tabular-nums;
  font-variant-numeric: var(--tw-ordinal) var(--tw-slashed-zero) var(--tw-numeric-figure) var(--tw-numeric-spacing) var(--tw-numeric-fraction);
}

.diagonal-fractions {
  --tw-numeric-fraction: diagonal-fractions;
  font-variant-numeric: var(--tw-ordinal) var(--tw-slashed-zero) var(--tw-numeric-figure) var(--tw-numeric-spacing) var(--tw-numeric-fraction);
}

.stacked-fractions {
  --tw-numeric-fraction: stacked-fractions;
  font-variant-numeric: var(--tw-ordinal) var(--tw-slashed-zero) var(--tw-numeric-figure) var(--tw-numeric-spacing) var(--tw-numeric-fraction);
}
"
`;
