// Jest Snapshot v1, https://goo.gl/fbAQLP

exports[`should test the 'grayscale' plugin 1`] = `
"
.grayscale {
  --tw-grayscale: grayscale(100%);
  filter: var(--tw-blur) var(--tw-brightness) var(--tw-contrast) var(--tw-grayscale) var(--tw-hue-rotate) var(--tw-invert) var(--tw-saturate) var(--tw-sepia) var(--tw-drop-shadow);
}

.grayscale-0 {
  --tw-grayscale: grayscale(0);
  filter: var(--tw-blur) var(--tw-brightness) var(--tw-contrast) var(--tw-grayscale) var(--tw-hue-rotate) var(--tw-invert) var(--tw-saturate) var(--tw-sepia) var(--tw-drop-shadow);
}

.grayscale-\\[50\\%\\] {
  --tw-grayscale: grayscale(50%);
  filter: var(--tw-blur) var(--tw-brightness) var(--tw-contrast) var(--tw-grayscale) var(--tw-hue-rotate) var(--tw-invert) var(--tw-saturate) var(--tw-sepia) var(--tw-drop-shadow);
}

.grayscale-\\[var\\(--my-value\\)\\] {
  --tw-grayscale: grayscale(var(--my-value));
  filter: var(--tw-blur) var(--tw-brightness) var(--tw-contrast) var(--tw-grayscale) var(--tw-hue-rotate) var(--tw-invert) var(--tw-saturate) var(--tw-sepia) var(--tw-drop-shadow);
}
"
`;
