// Jest Snapshot v1, https://goo.gl/fbAQLP

exports[`should test the 'gridAutoFlow' plugin 1`] = `
"
.grid-flow-row {
  grid-auto-flow: row;
}

.grid-flow-col {
  grid-auto-flow: column;
}

.grid-flow-dense {
  grid-auto-flow: dense;
}

.grid-flow-row-dense {
  grid-auto-flow: row dense;
}

.grid-flow-col-dense {
  grid-auto-flow: column dense;
}
"
`;
