// Jest Snapshot v1, https://goo.gl/fbAQLP

exports[`should test the 'gridRowEnd' plugin 1`] = `
"
.row-end-1 {
  grid-row-end: 1;
}

.row-end-10 {
  grid-row-end: 10;
}

.row-end-11 {
  grid-row-end: 11;
}

.row-end-12 {
  grid-row-end: 12;
}

.row-end-13 {
  grid-row-end: 13;
}

.row-end-2 {
  grid-row-end: 2;
}

.row-end-3 {
  grid-row-end: 3;
}

.row-end-4 {
  grid-row-end: 4;
}

.row-end-5 {
  grid-row-end: 5;
}

.row-end-6 {
  grid-row-end: 6;
}

.row-end-7 {
  grid-row-end: 7;
}

.row-end-8 {
  grid-row-end: 8;
}

.row-end-9 {
  grid-row-end: 9;
}

.row-end-\\[123\\] {
  grid-row-end: 123;
}

.row-end-\\[var\\(--my-value\\)\\] {
  grid-row-end: var(--my-value);
}

.row-end-auto {
  grid-row-end: auto;
}
"
`;
