// Jest Snapshot v1, https://goo.gl/fbAQLP

exports[`should test the 'gridRow' plugin 1`] = `
"
.row-\\[span_1_\\/_span_1\\] {
  grid-row: span 1 / span 1;
}

.row-\\[var\\(--my-value\\)\\] {
  grid-row: var(--my-value);
}

.row-auto {
  grid-row: auto;
}

.row-span-1 {
  grid-row: span 1 / span 1;
}

.row-span-10 {
  grid-row: span 10 / span 10;
}

.row-span-11 {
  grid-row: span 11 / span 11;
}

.row-span-12 {
  grid-row: span 12 / span 12;
}

.row-span-2 {
  grid-row: span 2 / span 2;
}

.row-span-3 {
  grid-row: span 3 / span 3;
}

.row-span-4 {
  grid-row: span 4 / span 4;
}

.row-span-5 {
  grid-row: span 5 / span 5;
}

.row-span-6 {
  grid-row: span 6 / span 6;
}

.row-span-7 {
  grid-row: span 7 / span 7;
}

.row-span-8 {
  grid-row: span 8 / span 8;
}

.row-span-9 {
  grid-row: span 9 / span 9;
}

.row-span-full {
  grid-row: 1 / -1;
}
"
`;
