// Jest Snapshot v1, https://goo.gl/fbAQLP

exports[`should test the 'height' plugin 1`] = `
"
.h-0 {
  height: 0;
}

.h-0\\.5 {
  height: .125rem;
}

.h-1 {
  height: .25rem;
}

.h-1\\.5 {
  height: .375rem;
}

.h-1\\/2 {
  height: 50%;
}

.h-1\\/3 {
  height: 33.3333%;
}

.h-1\\/4 {
  height: 25%;
}

.h-1\\/5 {
  height: 20%;
}

.h-1\\/6 {
  height: 16.6667%;
}

.h-10 {
  height: 2.5rem;
}

.h-11 {
  height: 2.75rem;
}

.h-12 {
  height: 3rem;
}

.h-14 {
  height: 3.5rem;
}

.h-16 {
  height: 4rem;
}

.h-2 {
  height: .5rem;
}

.h-2\\.5 {
  height: .625rem;
}

.h-2\\/3 {
  height: 66.6667%;
}

.h-2\\/4 {
  height: 50%;
}

.h-2\\/5 {
  height: 40%;
}

.h-2\\/6 {
  height: 33.3333%;
}

.h-20 {
  height: 5rem;
}

.h-24 {
  height: 6rem;
}

.h-28 {
  height: 7rem;
}

.h-3 {
  height: .75rem;
}

.h-3\\.5 {
  height: .875rem;
}

.h-3\\/4 {
  height: 75%;
}

.h-3\\/5 {
  height: 60%;
}

.h-3\\/6 {
  height: 50%;
}

.h-32 {
  height: 8rem;
}

.h-36 {
  height: 9rem;
}

.h-4 {
  height: 1rem;
}

.h-4\\/5 {
  height: 80%;
}

.h-4\\/6 {
  height: 66.6667%;
}

.h-40 {
  height: 10rem;
}

.h-44 {
  height: 11rem;
}

.h-48 {
  height: 12rem;
}

.h-5 {
  height: 1.25rem;
}

.h-5\\/6 {
  height: 83.3333%;
}

.h-52 {
  height: 13rem;
}

.h-56 {
  height: 14rem;
}

.h-6 {
  height: 1.5rem;
}

.h-60 {
  height: 15rem;
}

.h-64 {
  height: 16rem;
}

.h-7 {
  height: 1.75rem;
}

.h-72 {
  height: 18rem;
}

.h-8 {
  height: 2rem;
}

.h-80 {
  height: 20rem;
}

.h-9 {
  height: 2.25rem;
}

.h-96 {
  height: 24rem;
}

.h-\\[12px\\] {
  height: 12px;
}

.h-\\[var\\(--my-value\\)\\] {
  height: var(--my-value);
}

.h-auto {
  height: auto;
}

.h-dvh {
  height: 100dvh;
}

.h-fit {
  height: -moz-fit-content;
  height: fit-content;
}

.h-full {
  height: 100%;
}

.h-lvh {
  height: 100lvh;
}

.h-max {
  height: max-content;
}

.h-min {
  height: min-content;
}

.h-px {
  height: 1px;
}

.h-screen {
  height: 100vh;
}

.h-svh {
  height: 100svh;
}
"
`;
