// Jest Snapshot v1, https://goo.gl/fbAQLP

exports[`should test the 'justifyItems' plugin 1`] = `
"
.justify-items-start {
  justify-items: start;
}

.justify-items-end {
  justify-items: end;
}

.justify-items-center {
  justify-items: center;
}

.justify-items-stretch {
  justify-items: stretch;
}
"
`;
