// Jest Snapshot v1, https://goo.gl/fbAQLP

exports[`should test the 'justifySelf' plugin 1`] = `
"
.justify-self-auto {
  justify-self: auto;
}

.justify-self-start {
  justify-self: start;
}

.justify-self-end {
  justify-self: end;
}

.justify-self-center {
  justify-self: center;
}

.justify-self-stretch {
  justify-self: stretch;
}
"
`;
