// Jest Snapshot v1, https://goo.gl/fbAQLP

exports[`should test the 'justifyContent' plugin 1`] = `
"
.justify-normal {
  justify-content: normal;
}

.justify-start {
  justify-content: flex-start;
}

.justify-end {
  justify-content: flex-end;
}

.justify-center {
  justify-content: center;
}

.justify-between {
  justify-content: space-between;
}

.justify-around {
  justify-content: space-around;
}

.justify-evenly {
  justify-content: space-evenly;
}

.justify-stretch {
  justify-content: stretch;
}
"
`;
