// Jest Snapshot v1, https://goo.gl/fbAQLP

exports[`should test the 'maxWidth' plugin 1`] = `
"
.max-w-0 {
  max-width: 0;
}

.max-w-2xl {
  max-width: 42rem;
}

.max-w-3xl {
  max-width: 48rem;
}

.max-w-4xl {
  max-width: 56rem;
}

.max-w-5xl {
  max-width: 64rem;
}

.max-w-6xl {
  max-width: 72rem;
}

.max-w-7xl {
  max-width: 80rem;
}

.max-w-\\[12px\\] {
  max-width: 12px;
}

.max-w-\\[var\\(--my-value\\)\\] {
  max-width: var(--my-value);
}

.max-w-fit {
  max-width: -moz-fit-content;
  max-width: fit-content;
}

.max-w-full {
  max-width: 100%;
}

.max-w-lg {
  max-width: 32rem;
}

.max-w-max {
  max-width: max-content;
}

.max-w-md {
  max-width: 28rem;
}

.max-w-min {
  max-width: min-content;
}

.max-w-none {
  max-width: none;
}

.max-w-prose {
  max-width: 65ch;
}

.max-w-screen-2xl {
  max-width: 1536px;
}

.max-w-screen-lg {
  max-width: 1024px;
}

.max-w-screen-md {
  max-width: 768px;
}

.max-w-screen-sm {
  max-width: 640px;
}

.max-w-screen-xl {
  max-width: 1280px;
}

.max-w-sm {
  max-width: 24rem;
}

.max-w-xl {
  max-width: 36rem;
}

.max-w-xs {
  max-width: 20rem;
}
"
`;
