// Jest Snapshot v1, https://goo.gl/fbAQLP

exports[`should test the 'minHeight' plugin 1`] = `
"
.min-h-0 {
  min-height: 0;
}

.min-h-0\\.5 {
  min-height: .125rem;
}

.min-h-1 {
  min-height: .25rem;
}

.min-h-1\\.5 {
  min-height: .375rem;
}

.min-h-10 {
  min-height: 2.5rem;
}

.min-h-11 {
  min-height: 2.75rem;
}

.min-h-12 {
  min-height: 3rem;
}

.min-h-14 {
  min-height: 3.5rem;
}

.min-h-16 {
  min-height: 4rem;
}

.min-h-2 {
  min-height: .5rem;
}

.min-h-2\\.5 {
  min-height: .625rem;
}

.min-h-20 {
  min-height: 5rem;
}

.min-h-24 {
  min-height: 6rem;
}

.min-h-28 {
  min-height: 7rem;
}

.min-h-3 {
  min-height: .75rem;
}

.min-h-3\\.5 {
  min-height: .875rem;
}

.min-h-32 {
  min-height: 8rem;
}

.min-h-36 {
  min-height: 9rem;
}

.min-h-4 {
  min-height: 1rem;
}

.min-h-40 {
  min-height: 10rem;
}

.min-h-44 {
  min-height: 11rem;
}

.min-h-48 {
  min-height: 12rem;
}

.min-h-5 {
  min-height: 1.25rem;
}

.min-h-52 {
  min-height: 13rem;
}

.min-h-56 {
  min-height: 14rem;
}

.min-h-6 {
  min-height: 1.5rem;
}

.min-h-60 {
  min-height: 15rem;
}

.min-h-64 {
  min-height: 16rem;
}

.min-h-7 {
  min-height: 1.75rem;
}

.min-h-72 {
  min-height: 18rem;
}

.min-h-8 {
  min-height: 2rem;
}

.min-h-80 {
  min-height: 20rem;
}

.min-h-9 {
  min-height: 2.25rem;
}

.min-h-96 {
  min-height: 24rem;
}

.min-h-\\[12px\\] {
  min-height: 12px;
}

.min-h-\\[var\\(--my-value\\)\\] {
  min-height: var(--my-value);
}

.min-h-dvh {
  min-height: 100dvh;
}

.min-h-fit {
  min-height: -moz-fit-content;
  min-height: fit-content;
}

.min-h-full {
  min-height: 100%;
}

.min-h-lvh {
  min-height: 100lvh;
}

.min-h-max {
  min-height: max-content;
}

.min-h-min {
  min-height: min-content;
}

.min-h-px {
  min-height: 1px;
}

.min-h-screen {
  min-height: 100vh;
}

.min-h-svh {
  min-height: 100svh;
}
"
`;
