// Jest Snapshot v1, https://goo.gl/fbAQLP

exports[`should test the 'minWidth' plugin 1`] = `
"
.min-w-0 {
  min-width: 0;
}

.min-w-0\\.5 {
  min-width: .125rem;
}

.min-w-1 {
  min-width: .25rem;
}

.min-w-1\\.5 {
  min-width: .375rem;
}

.min-w-10 {
  min-width: 2.5rem;
}

.min-w-11 {
  min-width: 2.75rem;
}

.min-w-12 {
  min-width: 3rem;
}

.min-w-14 {
  min-width: 3.5rem;
}

.min-w-16 {
  min-width: 4rem;
}

.min-w-2 {
  min-width: .5rem;
}

.min-w-2\\.5 {
  min-width: .625rem;
}

.min-w-20 {
  min-width: 5rem;
}

.min-w-24 {
  min-width: 6rem;
}

.min-w-28 {
  min-width: 7rem;
}

.min-w-3 {
  min-width: .75rem;
}

.min-w-3\\.5 {
  min-width: .875rem;
}

.min-w-32 {
  min-width: 8rem;
}

.min-w-36 {
  min-width: 9rem;
}

.min-w-4 {
  min-width: 1rem;
}

.min-w-40 {
  min-width: 10rem;
}

.min-w-44 {
  min-width: 11rem;
}

.min-w-48 {
  min-width: 12rem;
}

.min-w-5 {
  min-width: 1.25rem;
}

.min-w-52 {
  min-width: 13rem;
}

.min-w-56 {
  min-width: 14rem;
}

.min-w-6 {
  min-width: 1.5rem;
}

.min-w-60 {
  min-width: 15rem;
}

.min-w-64 {
  min-width: 16rem;
}

.min-w-7 {
  min-width: 1.75rem;
}

.min-w-72 {
  min-width: 18rem;
}

.min-w-8 {
  min-width: 2rem;
}

.min-w-80 {
  min-width: 20rem;
}

.min-w-9 {
  min-width: 2.25rem;
}

.min-w-96 {
  min-width: 24rem;
}

.min-w-\\[12px\\] {
  min-width: 12px;
}

.min-w-\\[var\\(--my-value\\)\\] {
  min-width: var(--my-value);
}

.min-w-fit {
  min-width: -moz-fit-content;
  min-width: fit-content;
}

.min-w-full {
  min-width: 100%;
}

.min-w-max {
  min-width: max-content;
}

.min-w-min {
  min-width: min-content;
}

.min-w-px {
  min-width: 1px;
}
"
`;
