// Jest Snapshot v1, https://goo.gl/fbAQLP

exports[`should test the 'objectPosition' plugin 1`] = `
"
.object-\\[top\\,center\\] {
  object-position: top center;
}

.object-\\[var\\(--my-value\\)\\] {
  object-position: var(--my-value);
}

.object-bottom {
  object-position: bottom;
}

.object-center {
  object-position: center;
}

.object-left {
  object-position: left;
}

.object-left-bottom {
  object-position: left bottom;
}

.object-left-top {
  object-position: left top;
}

.object-right {
  object-position: right;
}

.object-right-bottom {
  object-position: right bottom;
}

.object-right-top {
  object-position: right top;
}

.object-top {
  object-position: top;
}
"
`;
