// Jest Snapshot v1, https://goo.gl/fbAQLP

exports[`should test the 'outlineOffset' plugin 1`] = `
"
.-outline-offset-0 {
  outline-offset: -0px;
}

.-outline-offset-1 {
  outline-offset: -1px;
}

.-outline-offset-2 {
  outline-offset: -2px;
}

.-outline-offset-4 {
  outline-offset: -4px;
}

.-outline-offset-8 {
  outline-offset: -8px;
}

.outline-offset-0 {
  outline-offset: 0px;
}

.outline-offset-1 {
  outline-offset: 1px;
}

.outline-offset-2 {
  outline-offset: 2px;
}

.outline-offset-4 {
  outline-offset: 4px;
}

.outline-offset-8 {
  outline-offset: 8px;
}

.outline-offset-\\[12px\\] {
  outline-offset: 12px;
}

.outline-offset-\\[34\\%\\] {
  outline-offset: 34%;
}

.outline-offset-\\[56\\] {
  outline-offset: 56;
}

.outline-offset-\\[var\\(--my-value\\)\\] {
  outline-offset: var(--my-value);
}
"
`;
