// Jest Snapshot v1, https://goo.gl/fbAQLP

exports[`should test the 'outlineWidth' plugin 1`] = `
"
.outline-0 {
  outline-width: 0;
}

.outline-1 {
  outline-width: 1px;
}

.outline-2 {
  outline-width: 2px;
}

.outline-4 {
  outline-width: 4px;
}

.outline-8 {
  outline-width: 8px;
}

.outline-\\[12px\\] {
  outline-width: 12px;
}

.outline-\\[34\\%\\] {
  outline-width: 34%;
}

.outline-\\[56\\] {
  outline-width: 56px;
}
"
`;
