// Jest Snapshot v1, https://goo.gl/fbAQLP

exports[`should test the 'overflow' plugin 1`] = `
"
.overflow-auto {
  overflow: auto;
}

.overflow-hidden {
  overflow: hidden;
}

.overflow-clip {
  overflow: clip;
}

.overflow-visible {
  overflow: visible;
}

.overflow-scroll {
  overflow: scroll;
}

.overflow-x-auto {
  overflow-x: auto;
}

.overflow-y-auto {
  overflow-y: auto;
}

.overflow-x-hidden {
  overflow-x: hidden;
}

.overflow-y-hidden {
  overflow-y: hidden;
}

.overflow-x-clip {
  overflow-x: clip;
}

.overflow-y-clip {
  overflow-y: clip;
}

.overflow-x-visible {
  overflow-x: visible;
}

.overflow-y-visible {
  overflow-y: visible;
}

.overflow-x-scroll {
  overflow-x: scroll;
}

.overflow-y-scroll {
  overflow-y: scroll;
}
"
`;
