// Jest Snapshot v1, https://goo.gl/fbAQLP

exports[`should test the 'placeSelf' plugin 1`] = `
"
.place-self-auto {
  place-self: auto;
}

.place-self-start {
  place-self: start;
}

.place-self-end {
  place-self: end;
}

.place-self-center {
  place-self: center;
}

.place-self-stretch {
  place-self: stretch stretch;
}
"
`;
