// Jest Snapshot v1, https://goo.gl/fbAQLP

exports[`should test the 'placeContent' plugin 1`] = `
"
.place-content-center {
  place-content: center;
}

.place-content-start {
  place-content: start;
}

.place-content-end {
  place-content: end;
}

.place-content-between {
  place-content: space-between;
}

.place-content-around {
  place-content: space-around;
}

.place-content-evenly {
  place-content: space-evenly;
}

.place-content-baseline {
  place-content: baseline start;
}

.place-content-stretch {
  place-content: stretch;
}
"
`;
