// Jest Snapshot v1, https://goo.gl/fbAQLP

exports[`should test the 'ringOffsetColor' plugin 1`] = `
"
.ring-offset-\\[\\#0088cc\\] {
  --tw-ring-offset-color: #08c;
}

.ring-offset-black {
  --tw-ring-offset-color: #000;
}

.ring-offset-black\\/0 {
  --tw-ring-offset-color: #0000;
}

.ring-offset-black\\/50 {
  --tw-ring-offset-color: #00000080;
}

.ring-offset-red-100 {
  --tw-ring-offset-color: #fee2e2;
}

.ring-offset-red-100\\/0 {
  --tw-ring-offset-color: #fee2e200;
}

.ring-offset-red-100\\/50 {
  --tw-ring-offset-color: #fee2e280;
}

.ring-offset-red-200 {
  --tw-ring-offset-color: #fecaca;
}

.ring-offset-red-200\\/0 {
  --tw-ring-offset-color: #fecaca00;
}

.ring-offset-red-200\\/50 {
  --tw-ring-offset-color: #fecaca80;
}

.ring-offset-transparent {
  --tw-ring-offset-color: transparent;
}

.ring-offset-transparent\\/0 {
  --tw-ring-offset-color: #0000;
}

.ring-offset-transparent\\/50 {
  --tw-ring-offset-color: #00000080;
}
"
`;
