// Jest Snapshot v1, https://goo.gl/fbAQLP

exports[`should test the 'ringOffsetWidth' plugin 1`] = `
"
.ring-offset-0 {
  --tw-ring-offset-width: 0px;
}

.ring-offset-1 {
  --tw-ring-offset-width: 1px;
}

.ring-offset-2 {
  --tw-ring-offset-width: 2px;
}

.ring-offset-4 {
  --tw-ring-offset-width: 4px;
}

.ring-offset-8 {
  --tw-ring-offset-width: 8px;
}

.ring-offset-\\[12px\\] {
  --tw-ring-offset-width: 12px;
}
"
`;
