// Jest Snapshot v1, https://goo.gl/fbAQLP

exports[`should test the 'textDecoration' plugin 1`] = `
"
.underline {
  text-decoration-line: underline;
}

.overline {
  text-decoration-line: overline;
}

.line-through {
  text-decoration-line: line-through;
}

.no-underline {
  text-decoration-line: none;
}
"
`;
