// Jest Snapshot v1, https://goo.gl/fbAQLP

exports[`should test the 'textDecorationStyle' plugin 1`] = `
"
.decoration-solid {
  text-decoration-style: solid;
}

.decoration-double {
  text-decoration-style: double;
}

.decoration-dotted {
  text-decoration-style: dotted;
}

.decoration-dashed {
  text-decoration-style: dashed;
}

.decoration-wavy {
  text-decoration-style: wavy;
}
"
`;
