// Jest Snapshot v1, https://goo.gl/fbAQLP

exports[`should test the 'textIndent' plugin 1`] = `
"
.-indent-0 {
  text-indent: 0;
}

.-indent-0\\.5 {
  text-indent: -.125rem;
}

.-indent-1 {
  text-indent: -.25rem;
}

.-indent-1\\.5 {
  text-indent: -.375rem;
}

.-indent-10 {
  text-indent: -2.5rem;
}

.-indent-11 {
  text-indent: -2.75rem;
}

.-indent-12 {
  text-indent: -3rem;
}

.-indent-14 {
  text-indent: -3.5rem;
}

.-indent-16 {
  text-indent: -4rem;
}

.-indent-2 {
  text-indent: -.5rem;
}

.-indent-2\\.5 {
  text-indent: -.625rem;
}

.-indent-20 {
  text-indent: -5rem;
}

.-indent-24 {
  text-indent: -6rem;
}

.-indent-28 {
  text-indent: -7rem;
}

.-indent-3 {
  text-indent: -.75rem;
}

.-indent-3\\.5 {
  text-indent: -.875rem;
}

.-indent-32 {
  text-indent: -8rem;
}

.-indent-36 {
  text-indent: -9rem;
}

.-indent-4 {
  text-indent: -1rem;
}

.-indent-40 {
  text-indent: -10rem;
}

.-indent-44 {
  text-indent: -11rem;
}

.-indent-48 {
  text-indent: -12rem;
}

.-indent-5 {
  text-indent: -1.25rem;
}

.-indent-52 {
  text-indent: -13rem;
}

.-indent-56 {
  text-indent: -14rem;
}

.-indent-6 {
  text-indent: -1.5rem;
}

.-indent-60 {
  text-indent: -15rem;
}

.-indent-64 {
  text-indent: -16rem;
}

.-indent-7 {
  text-indent: -1.75rem;
}

.-indent-72 {
  text-indent: -18rem;
}

.-indent-8 {
  text-indent: -2rem;
}

.-indent-80 {
  text-indent: -20rem;
}

.-indent-9 {
  text-indent: -2.25rem;
}

.-indent-96 {
  text-indent: -24rem;
}

.-indent-px {
  text-indent: -1px;
}

.indent-0 {
  text-indent: 0;
}

.indent-0\\.5 {
  text-indent: .125rem;
}

.indent-1 {
  text-indent: .25rem;
}

.indent-1\\.5 {
  text-indent: .375rem;
}

.indent-10 {
  text-indent: 2.5rem;
}

.indent-11 {
  text-indent: 2.75rem;
}

.indent-12 {
  text-indent: 3rem;
}

.indent-14 {
  text-indent: 3.5rem;
}

.indent-16 {
  text-indent: 4rem;
}

.indent-2 {
  text-indent: .5rem;
}

.indent-2\\.5 {
  text-indent: .625rem;
}

.indent-20 {
  text-indent: 5rem;
}

.indent-24 {
  text-indent: 6rem;
}

.indent-28 {
  text-indent: 7rem;
}

.indent-3 {
  text-indent: .75rem;
}

.indent-3\\.5 {
  text-indent: .875rem;
}

.indent-32 {
  text-indent: 8rem;
}

.indent-36 {
  text-indent: 9rem;
}

.indent-4 {
  text-indent: 1rem;
}

.indent-40 {
  text-indent: 10rem;
}

.indent-44 {
  text-indent: 11rem;
}

.indent-48 {
  text-indent: 12rem;
}

.indent-5 {
  text-indent: 1.25rem;
}

.indent-52 {
  text-indent: 13rem;
}

.indent-56 {
  text-indent: 14rem;
}

.indent-6 {
  text-indent: 1.5rem;
}

.indent-60 {
  text-indent: 15rem;
}

.indent-64 {
  text-indent: 16rem;
}

.indent-7 {
  text-indent: 1.75rem;
}

.indent-72 {
  text-indent: 18rem;
}

.indent-8 {
  text-indent: 2rem;
}

.indent-80 {
  text-indent: 20rem;
}

.indent-9 {
  text-indent: 2.25rem;
}

.indent-96 {
  text-indent: 24rem;
}

.indent-\\[12px\\] {
  text-indent: 12px;
}

.indent-\\[var\\(--my-value\\)\\] {
  text-indent: var(--my-value);
}

.indent-px {
  text-indent: 1px;
}
"
`;
