// Jest Snapshot v1, https://goo.gl/fbAQLP

exports[`should test the 'whitespace' plugin 1`] = `
"
.whitespace-normal {
  white-space: normal;
}

.whitespace-nowrap {
  white-space: nowrap;
}

.whitespace-pre {
  white-space: pre;
}

.whitespace-pre-line {
  white-space: pre-line;
}

.whitespace-pre-wrap {
  white-space: pre-wrap;
}

.whitespace-break-spaces {
  white-space: break-spaces;
}
"
`;
