// Jest Snapshot v1, https://goo.gl/fbAQLP

exports[`should test the 'pseudoElementVariants' plugin 1`] = `
"
.first-letter\\:flex:first-letter, .first-line\\:flex:first-line, .marker\\:flex ::marker, .marker\\:flex::marker {
  display: flex;
}

.selection\\:flex ::selection {
  display: flex;
}

.selection\\:flex::selection {
  display: flex;
}

.file\\:flex::-webkit-file-upload-button {
  display: flex;
}

.file\\:flex::file-selector-button {
  display: flex;
}

.placeholder\\:flex::placeholder {
  display: flex;
}

.backdrop\\:flex::backdrop {
  display: flex;
}

.before\\:flex:before, .after\\:flex:after {
  content: var(--tw-content);
  display: flex;
}
"
`;
